Paths that match both --include and --exclude will be skipped by Semgrep.
Scanning 1 file.

Some files were skipped or only partially analyzed.
  Scan was limited to files tracked by git.
  Scan skipped: 2 files not matching --include patterns, 1 files matching --exclude patterns
  For a full list of skipped files, run semgrep with the --verbose flag.

Ran 4 rules on 1 file: 1 finding.
