[{"size": 1, "parseTimes": [0.1, 0.0, 0.0], "matchTimes": [0.2, 0.0, 0.0], "runTimes": [0.4, 0.0, 0.0]}, {"size": 2, "parseTimes": [0.0, 1.1, 0.0], "matchTimes": [0.0, 1.2, 0.0], "runTimes": [0.0, 1.4, 0.0]}]
