
Findings:

  file_or_dir.py 
          1â”† x = 23478921
