
Findings:

  symlink_or_file.py 
          1â”† x = 23478921
