{
  "errors": [],
  "paths": {
    "_comment": "<add --verbose for a list of skipped paths>",
    "scanned": [
      "targets/inventory/invent.py"
    ]
  },
  "results": [],
  "version": "0.42"
}