excluding files:
- excluded
running 4 rules...
ran 4 rules on 2 files: 2 findings
