
Findings:

  definitely_a_file.py 
          1â”† x = 23478921
