

┌─────────────┐
│ Scan Status │
└─────────────┘
  Scanning 3 files tracked by git with 5 Code rules, 1 Secrets rule:


  CODE RULES

  Language      Rules   Files          Origin   Rules
 ─────────────────────────────        ────────────────
  <multilang>       3       3          Custom       5
  python            1       1
  js                1       1


  SECRETS RULES
  Scanning 1 file.


┌──────────────┐
│ Scan Summary │
└──────────────┘
Some files were skipped or only partially analyzed.
  Scan was limited to files tracked by git.

Ran 6 rules on 3 files: 0 findings.
