including files:
- excluded.*
- included.*
running 4 rules...
ran 4 rules on 4 files: 4 findings
