// Jest Snapshot v1, https://goo.gl/fbAQLP

exports[`yaml parser parses a pattern with pattern-regex 1`] = `
{
  "errors": [],
  "explanations": [
    {
      "children": [],
      "loc": {
        "end": {
          "col": 30,
          "line": 6,
          "offset": 99,
        },
        "path": "test-rule-yaml-regex.json",
        "start": {
          "col": 24,
          "line": 6,
          "offset": 93,
        },
      },
      "matches": [
        {
          "check_id": "test",
          "end": {
            "col": 4,
            "line": 1,
            "offset": 3,
          },
          "extra": {
            "engine_kind": "OSS",
            "message": "test",
            "metavars": {},
            "validation_state": "NO_VALIDATOR",
          },
          "path": "test.yaml",
          "start": {
            "col": 1,
            "line": 1,
            "offset": 0,
          },
        },
      ],
      "op": [
        "XPat",
        "^fo+",
      ],
    },
  ],
  "paths": {
    "scanned": [
      "test.yaml",
    ],
  },
  "results": [
    {
      "check_id": "test",
      "end": {
        "col": 4,
        "line": 1,
        "offset": 3,
      },
      "extra": {
        "engine_kind": "OSS",
        "fingerprint": "<MASKED>",
        "is_ignored": false,
        "lines": "foo: bar",
        "message": "test",
        "metadata": {},
        "metavars": {},
        "severity": "ERROR",
        "validation_state": "NO_VALIDATOR",
      },
      "path": "test.yaml",
      "start": {
        "col": 1,
        "line": 1,
        "offset": 0,
      },
    },
  ],
  "skipped_rules": [],
  "version": "<MASKED>",
}
`;

exports[`yaml parser parses a simple pattern 1`] = `
{
  "errors": [],
  "explanations": [
    {
      "children": [],
      "loc": {
        "end": {
          "col": 27,
          "line": 6,
          "offset": 96,
        },
        "path": "test-rule-yaml.json",
        "start": {
          "col": 18,
          "line": 6,
          "offset": 87,
        },
      },
      "matches": [
        {
          "check_id": "test",
          "end": {
            "col": 9,
            "line": 1,
            "offset": 8,
          },
          "extra": {
            "engine_kind": "OSS",
            "message": "test",
            "metavars": {
              "$X": {
                "abstract_content": "bar",
                "end": {
                  "col": 9,
                  "line": 1,
                  "offset": 8,
                },
                "start": {
                  "col": 6,
                  "line": 1,
                  "offset": 5,
                },
              },
            },
            "validation_state": "NO_VALIDATOR",
          },
          "path": "test.yaml",
          "start": {
            "col": 1,
            "line": 1,
            "offset": 0,
          },
        },
      ],
      "op": [
        "XPat",
        "foo: $X",
      ],
    },
  ],
  "paths": {
    "scanned": [
      "test.yaml",
    ],
  },
  "results": [
    {
      "check_id": "test",
      "end": {
        "col": 9,
        "line": 1,
        "offset": 8,
      },
      "extra": {
        "engine_kind": "OSS",
        "fingerprint": "<MASKED>",
        "is_ignored": false,
        "lines": "foo: bar",
        "message": "test",
        "metadata": {},
        "metavars": {
          "$X": {
            "abstract_content": "bar",
            "end": {
              "col": 9,
              "line": 1,
              "offset": 8,
            },
            "start": {
              "col": 6,
              "line": 1,
              "offset": 5,
            },
          },
        },
        "severity": "ERROR",
        "validation_state": "NO_VALIDATOR",
      },
      "path": "test.yaml",
      "start": {
        "col": 1,
        "line": 1,
        "offset": 0,
      },
    },
  ],
  "skipped_rules": [],
  "version": "<MASKED>",
}
`;
