foo.py:4:5:error(eqeq-bad):    a == a:useless comparison
foo.py:5:5:error(eqeq-bad):    a == a:useless comparison
foo.py:7:5:error(eqeq-bad):    a == a:useless comparison
foo.py:11:5:error(eqeq-bad):    y == y:useless comparison
foo.py:15:5:error(eqeq-five):    x == 5:useless comparison to 5
foo.py:19:5:error(eqeq-four):    baz == 4:useless comparison to 4
