

┌────────────────┐
│ 1 Code Finding │
└────────────────┘

    file_or_dir.py
            1┆ x = 23478921

