targets/basic/stupid.py:3:12:error(eqeq-is-bad):    return a + b == a + b:useless comparison operation `a + b == a + b` or `a + b != a + b`; possible bug?
