<?xml version="1.0" ?>
<testsuites disabled="0" errors="0" failures="1" tests="1" time="0.0">
	<testsuite disabled="0" errors="0" failures="1" name="semgrep results" skipped="0" tests="1" time="0">
		<testcase classname="targets/basic/stupid.py" file="targets/basic/stupid.py" line="3" name="rules.eqeq-is-bad">
			<failure message="useless comparison operation `a + b == a + b` or `a + b != a + b`; possible bug?" type="ERROR">['    return a + b == a + b\n']</failure>
		</testcase>
	</testsuite>
</testsuites>

