{
  "$schema": "https://docs.oasis-open.org/sarif/sarif/v2.1.0/os/schemas/sarif-schema-2.1.0.json",
  "runs": [
    {
      "invocations": [
        {
          "executionSuccessful": true,
          "toolExecutionNotifications": []
        }
      ],
      "results": [
        {
          "fingerprints": {
            "matchBasedId/v1": "62b4a09c4569768898c43c09fa0a5b95b7e93257ef3a0911a5c379b6265b4d49fa4aecd5782461632e9aef4779af02d7cad4405b9a5318a0e5ffe9a5bd8daeae_0"
          },
          "locations": [
            {
              "physicalLocation": {
                "artifactLocation": {
                  "uri": "targets/basic/stupid.py",
                  "uriBaseId": "%SRCROOT%"
                },
                "region": {
                  "endColumn": 26,
                  "endLine": 3,
                  "snippet": {
                    "text": "    return a + b == a + b"
                  },
                  "startColumn": 12,
                  "startLine": 3
                }
              }
            }
          ],
          "message": {
            "text": "useless comparison operation `a + b == a + b` or `a + b != a + b`"
          },
          "properties": {},
          "ruleId": "rules.eqeq-is-bad"
        }
      ],
      "tool": {
        "driver": {
          "name": "semgrep",
          "rules": [
            {
              "defaultConfiguration": {
                "level": "error"
              },
              "fullDescription": {
                "text": "possibly useless comparison but in eq function"
              },
              "id": "rules.assert-eqeq-is-ok",
              "name": "rules.assert-eqeq-is-ok",
              "properties": {
                "precision": "very-high",
                "tags": []
              },
              "shortDescription": {
                "text": "Semgrep Finding: rules.assert-eqeq-is-ok"
              }
            },
            {
              "defaultConfiguration": {
                "level": "error"
              },
              "fullDescription": {
                "text": "useless comparison operation `$X == $X` or `$X != $X`"
              },
              "id": "rules.eqeq-is-bad",
              "name": "rules.eqeq-is-bad",
              "properties": {
                "precision": "very-high",
                "tags": []
              },
              "shortDescription": {
                "text": "Semgrep Finding: rules.eqeq-is-bad"
              }
            },
            {
              "defaultConfiguration": {
                "level": "error"
              },
              "fullDescription": {
                "text": "useless comparison"
              },
              "id": "rules.javascript-basic-eqeq-bad",
              "name": "rules.javascript-basic-eqeq-bad",
              "properties": {
                "precision": "very-high",
                "tags": []
              },
              "shortDescription": {
                "text": "Semgrep Finding: rules.javascript-basic-eqeq-bad"
              }
            },
            {
              "defaultConfiguration": {
                "level": "error"
              },
              "fullDescription": {
                "text": "this function is only available on Python 3.7+"
              },
              "id": "rules.python37-compatability-os-module",
              "name": "rules.python37-compatability-os-module",
              "properties": {
                "precision": "very-high",
                "tags": []
              },
              "shortDescription": {
                "text": "Semgrep Finding: rules.python37-compatability-os-module"
              }
            }
          ],
          "semanticVersion": "placeholder"
        }
      }
    }
  ],
  "version": "2.1.0"
}