

┌────────────────┐
│ 1 Code Finding │
└────────────────┘

    targets/long_text.py
    ❯❱ rules.this-is-a-very-long-rule-id-which-should-be-wrapped-in-the-cli-thank-you-very-much-
       supercalifragilisticexpialidocious
          This is the description of a very long rule id which should be wrapped in the cli thank you very
          much supercalifragilisticexpialidocious.

            2┆ print("SELECT * FROM users WHERE id = 1 AND
               very_long_variable_supercalifragilisticexpialidocious = TRUE"
            3┆       == "SELECT * FROM users WHERE id = 1 AND
               very_long_variable_supercalifragilisticexpialidocious = TRUE"

