{"$schema": "https://docs.oasis-open.org/sarif/sarif/v2.1.0/os/schemas/sarif-schema-2.1.0.json", "runs": [{"invocations": [{"executionSuccessful": true, "toolExecutionNotifications": []}], "results": [{"locations": [{"physicalLocation": {"artifactLocation": {"uri": "foo.py", "uriBaseId": "%SRCROOT%"}, "region": {"endColumn": 11, "endLine": 4, "snippet": {"text": "    a == a"}, "startColumn": 5, "startLine": 4}}}], "message": {"text": "useless comparison"}, "ruleId": "eqeq-bad"}, {"locations": [{"physicalLocation": {"artifactLocation": {"uri": "foo.py", "uriBaseId": "%SRCROOT%"}, "region": {"endColumn": 11, "endLine": 5, "snippet": {"text": "    a == a"}, "startColumn": 5, "startLine": 5}}}], "message": {"text": "useless comparison"}, "ruleId": "eqeq-bad"}, {"locations": [{"physicalLocation": {"artifactLocation": {"uri": "foo.py", "uriBaseId": "%SRCROOT%"}, "region": {"endColumn": 11, "endLine": 6, "snippet": {"text": "    a == a  # nosemgrep"}, "startColumn": 5, "startLine": 6}}}], "message": {"text": "useless comparison"}, "ruleId": "eqeq-bad", "suppressions": [{"kind": "inSource"}]}, {"locations": [{"physicalLocation": {"artifactLocation": {"uri": "foo.py", "uriBaseId": "%SRCROOT%"}, "region": {"endColumn": 11, "endLine": 7, "snippet": {"text": "    a == a"}, "startColumn": 5, "startLine": 7}}}], "message": {"text": "useless comparison"}, "ruleId": "eqeq-bad"}, {"locations": [{"physicalLocation": {"artifactLocation": {"uri": "foo.py", "uriBaseId": "%SRCROOT%"}, "region": {"endColumn": 11, "endLine": 9, "snippet": {"text": "    x == x  # nosemgrep"}, "startColumn": 5, "startLine": 9}}}], "message": {"text": "useless comparison"}, "ruleId": "eqeq-bad", "suppressions": [{"kind": "inSource"}]}, {"locations": [{"physicalLocation": {"artifactLocation": {"uri": "foo.py", "uriBaseId": "%SRCROOT%"}, "region": {"endColumn": 11, "endLine": 11, "snippet": {"text": "    y == y"}, "startColumn": 5, "startLine": 11}}}], "message": {"text": "useless comparison"}, "ruleId": "eqeq-bad"}, {"locations": [{"physicalLocation": {"artifactLocation": {"uri": "foo.py", "uriBaseId": "%SRCROOT%"}, "region": {"endColumn": 11, "endLine": 13, "snippet": {"text": "    z == z  # nosemgrep"}, "startColumn": 5, "startLine": 13}}}], "message": {"text": "useless comparison"}, "ruleId": "eqeq-bad", "suppressions": [{"kind": "inSource"}]}, {"locations": [{"physicalLocation": {"artifactLocation": {"uri": "foo.py", "uriBaseId": "%SRCROOT%"}, "region": {"endColumn": 13, "endLine": 18, "snippet": {"text": "    baz == 4  # nosemgrep"}, "startColumn": 5, "startLine": 18}}}], "message": {"text": "useless comparison to 4"}, "ruleId": "eqeq-four", "suppressions": [{"kind": "inSource"}]}, {"locations": [{"physicalLocation": {"artifactLocation": {"uri": "foo.py", "uriBaseId": "%SRCROOT%"}, "region": {"endColumn": 13, "endLine": 19, "snippet": {"text": "    baz == 4"}, "startColumn": 5, "startLine": 19}}}], "message": {"text": "useless comparison to 4"}, "ruleId": "eqeq-four"}, {"fixes": [{"artifactChanges": [{"artifactLocation": {"uri": "foo.py"}, "replacements": [{"deletedRegion": {"endColumn": 11, "endLine": 15, "startColumn": 5, "startLine": 15}, "insertedContent": {"text": "    x == 2"}}]}], "description": {"text": "useless comparison to 5\n Autofix: Semgrep rule suggested fix"}}], "locations": [{"physicalLocation": {"artifactLocation": {"uri": "foo.py", "uriBaseId": "%SRCROOT%"}, "region": {"endColumn": 11, "endLine": 15, "snippet": {"text": "    x == 5"}, "startColumn": 5, "startLine": 15}}}], "message": {"text": "useless comparison to 5"}, "ruleId": "eqeq-five"}, {"fixes": [{"artifactChanges": [{"artifactLocation": {"uri": "foo.py"}, "replacements": [{"deletedRegion": {"endColumn": 11, "endLine": 16, "startColumn": 5, "startLine": 16}, "insertedContent": {"text": "    y == 2  # nosemgrep"}}]}], "description": {"text": "useless comparison to 5\n Autofix: Semgrep rule suggested fix"}}], "locations": [{"physicalLocation": {"artifactLocation": {"uri": "foo.py", "uriBaseId": "%SRCROOT%"}, "region": {"endColumn": 11, "endLine": 16, "snippet": {"text": "    y == 5  # nosemgrep"}, "startColumn": 5, "startLine": 16}}}], "message": {"text": "useless comparison to 5"}, "ruleId": "eqeq-five", "suppressions": [{"kind": "inSource"}]}], "tool": {"driver": {"name": "semgrep", "rules": [{"defaultConfiguration": {"level": "error"}, "fullDescription": {"text": "useless comparison"}, "id": "eqeq-bad", "name": "eqeq-bad", "properties": {"precision": "very-high", "tags": []}, "shortDescription": {"text": "useless comparison"}}, {"defaultConfiguration": {"level": "error"}, "fullDescription": {"text": "useless comparison to 5"}, "id": "eqeq-five", "name": "eqeq-five", "properties": {"precision": "very-high", "tags": []}, "shortDescription": {"text": "useless comparison to 5"}}, {"defaultConfiguration": {"level": "error"}, "fullDescription": {"text": "useless comparison to 4"}, "id": "eqeq-four", "name": "eqeq-four", "properties": {"precision": "very-high", "tags": []}, "shortDescription": {"text": "useless comparison to 4"}}], "semanticVersion": "placeholder"}}}], "version": "2.1.0"}