                  
                  
┌────────────────┐
│ 1 Code Finding │
└────────────────┘
                       
    symlink_or_file.py 
            1┆ x = 23478921

