Scanning 4 files.

Some files were skipped or only partially analyzed.
  Scan was limited to files tracked by git.

Ran 4 rules on 4 files: 4 findings.
