

┌────────────────┐
│ 1 Code Finding │
└────────────────┘

    targets/cli_test/basic/basic.py
    ❯❱ rules.cli_test.long_rule_id.this-is-a-very-long-rule-id-which-should-be-wrapped-in-the-cli-thank-you-very-much-
       supercalifragilisticexpialidocious
          This is the description of a very long rule id which should be wrapped in the cli thank you very
          much supercalifragilisticexpialidocious.

            2┆ print(1 == 1)

