
Findings:

  dir_one/foo.py 
          1┆ x = 23478921


  dir_two/bar.py 
          1┆ y = 23478921
