targets/basic/stupid.py:3:12:error(eqeq-is-bad):    return a + b == a + b
