including files:
- included
Running 4 rules...

skipped: all .gitignored files, 2 files not matching --include patterns
for a detailed list of skipped files, run semgrep with the --verbose flag

ran 4 rules on 2 files: 2 findings
