Scanning 2 files.

Some files were skipped or only partially analyzed.
  Scan was limited to files tracked by git.
  Scan skipped: 2 files not matching --include patterns
  For a full list of skipped files, run semgrep with the --verbose flag.

Ran 4 rules on 2 files: 2 findings.
