{
  "$schema": "https://gitlab.com/gitlab-org/security-products/security-report-schemas/-/blob/master/dist/sast-report-format.json",
  "version": "2.0",
  "vulnerabilities": [
    {
      "category": "sast",
      "confidence": "High",
      "cve": "foo.py:b08fd7a517303ab07cfa211f74d03c1a4c2e64b3b0656d84ff32ecb449b785d2:eqeq-bad",
      "id": "8c695a6a-4ab5-ffff-33d0-103309a310c1",
      "identifiers": [
        {
          "name": "Semgrep - eqeq-bad",
          "type": "semgrep_type",
          "url": "https://semgrep.dev/r/eqeq-bad",
          "value": "eqeq-bad"
        }
      ],
      "location": {
        "dependency": {
          "package": {}
        },
        "end_line": 4,
        "file": "foo.py",
        "start_line": 4
      },
      "message": "useless comparison",
      "scanner": {
        "id": "semgrep",
        "name": "Semgrep",
        "vendor": {
          "name": "Semgrep"
        }
      },
      "severity": "High"
    },
    {
      "category": "sast",
      "confidence": "High",
      "cve": "foo.py:b08fd7a517303ab07cfa211f74d03c1a4c2e64b3b0656d84ff32ecb449b785d2:eqeq-bad",
      "id": "8abb389b-2f01-d0e5-2d66-3251e1d24ba7",
      "identifiers": [
        {
          "name": "Semgrep - eqeq-bad",
          "type": "semgrep_type",
          "url": "https://semgrep.dev/r/eqeq-bad",
          "value": "eqeq-bad"
        }
      ],
      "location": {
        "dependency": {
          "package": {}
        },
        "end_line": 5,
        "file": "foo.py",
        "start_line": 5
      },
      "message": "useless comparison",
      "scanner": {
        "id": "semgrep",
        "name": "Semgrep",
        "vendor": {
          "name": "Semgrep"
        }
      },
      "severity": "High"
    },
    {
      "category": "sast",
      "confidence": "High",
      "cve": "foo.py:b08fd7a517303ab07cfa211f74d03c1a4c2e64b3b0656d84ff32ecb449b785d2:eqeq-bad",
      "id": "f6c666e6-921a-4402-8a20-15d0de15cc14",
      "identifiers": [
        {
          "name": "Semgrep - eqeq-bad",
          "type": "semgrep_type",
          "url": "https://semgrep.dev/r/eqeq-bad",
          "value": "eqeq-bad"
        }
      ],
      "location": {
        "dependency": {
          "package": {}
        },
        "end_line": 7,
        "file": "foo.py",
        "start_line": 7
      },
      "message": "useless comparison",
      "scanner": {
        "id": "semgrep",
        "name": "Semgrep",
        "vendor": {
          "name": "Semgrep"
        }
      },
      "severity": "High"
    },
    {
      "category": "sast",
      "confidence": "High",
      "cve": "foo.py:b08fd7a517303ab07cfa211f74d03c1a4c2e64b3b0656d84ff32ecb449b785d2:eqeq-bad",
      "id": "d4404942-1636-e370-e790-6a6bed5fce54",
      "identifiers": [
        {
          "name": "Semgrep - eqeq-bad",
          "type": "semgrep_type",
          "url": "https://semgrep.dev/r/eqeq-bad",
          "value": "eqeq-bad"
        }
      ],
      "location": {
        "dependency": {
          "package": {}
        },
        "end_line": 11,
        "file": "foo.py",
        "start_line": 11
      },
      "message": "useless comparison",
      "scanner": {
        "id": "semgrep",
        "name": "Semgrep",
        "vendor": {
          "name": "Semgrep"
        }
      },
      "severity": "High"
    },
    {
      "category": "sast",
      "confidence": "High",
      "cve": "foo.py:b08fd7a517303ab07cfa211f74d03c1a4c2e64b3b0656d84ff32ecb449b785d2:eqeq-four",
      "id": "87cd1247-dfc8-4bbd-502c-872035c71a63",
      "identifiers": [
        {
          "name": "Semgrep - eqeq-four",
          "type": "semgrep_type",
          "url": "https://semgrep.dev/r/eqeq-four",
          "value": "eqeq-four"
        }
      ],
      "location": {
        "dependency": {
          "package": {}
        },
        "end_line": 19,
        "file": "foo.py",
        "start_line": 19
      },
      "message": "useless comparison to 4",
      "scanner": {
        "id": "semgrep",
        "name": "Semgrep",
        "vendor": {
          "name": "Semgrep"
        }
      },
      "severity": "High"
    },
    {
      "category": "sast",
      "confidence": "High",
      "cve": "foo.py:b08fd7a517303ab07cfa211f74d03c1a4c2e64b3b0656d84ff32ecb449b785d2:eqeq-five",
      "id": "8646a2df-c020-9136-0696-9dcfe84e53c0",
      "identifiers": [
        {
          "name": "Semgrep - eqeq-five",
          "type": "semgrep_type",
          "url": "https://semgrep.dev/r/eqeq-five",
          "value": "eqeq-five"
        }
      ],
      "location": {
        "dependency": {
          "package": {}
        },
        "end_line": 15,
        "file": "foo.py",
        "start_line": 15
      },
      "message": "useless comparison to 5",
      "scanner": {
        "id": "semgrep",
        "name": "Semgrep",
        "vendor": {
          "name": "Semgrep"
        }
      },
      "severity": "High"
    }
  ]
}